2026-09-26 14:01:16 [scrapy.utils.log] INFO: Scrapy 2.13.3 started (bot: web_spider_lab)
2026-09-26 14:01:17 [scrapy.utils.log] INFO: Versions:
{'lxml': '6.1.3',
 'libxml2': '2.11.9',
 'cssselect': '1.5.0',
 'parsel': '1.12.0',
 'w3lib': '2.4.1',
 'Twisted': '26.4.0',
 'Python': '3.12.0 (tags/v3.12.0:0fb18b0, Oct  2 2023, 13:03:39) [MSC v.1935 '
           '64 bit (AMD64)]',
 'pyOpenSSL': '26.4.0 (OpenSSL 4.0.2 25 Aug 2026)',
 'cryptography': '50.0.1',
 'Platform': 'Windows-11-10.0.26200-SP0'}
2026-09-26 14:01:17 [scrapy.addons] INFO: Enabled addons:
[]
2026-09-26 14:01:17 [scrapy.middleware] INFO: Enabled extensions:
['scrapy.extensions.corestats.CoreStats',
 'scrapy.extensions.feedexport.FeedExporter',
 'scrapy.extensions.logstats.LogStats']
2026-09-26 14:01:17 [scrapy.crawler] INFO: Overridden settings:
{'BOT_NAME': 'web_spider_lab',
 'CONCURRENT_REQUESTS': 4,
 'CONCURRENT_REQUESTS_PER_DOMAIN': 1,
 'DOWNLOAD_DELAY': 30,
 'DOWNLOAD_TIMEOUT': 60,
 'FEED_EXPORT_ENCODING': 'utf-8',
 'LOG_FILE': 'C:\\Users\\zerok\\OneDrive\\Рабочий стол\\Учеба '
             'магистратура\\Третий '
             'Семестр\\DataMining\\Web_Spider\\outputs\\news.log',
 'LOG_LEVEL': 'INFO',
 'NEWSPIDER_MODULE': 'web_spider.spiders',
 'RANDOMIZE_DOWNLOAD_DELAY': False,
 'RETRY_EXCEPTIONS': ['twisted.internet.defer.TimeoutError',
                      'twisted.internet.error.TimeoutError',
                      'twisted.internet.error.DNSLookupError',
                      'twisted.internet.error.ConnectionRefusedError',
                      'twisted.internet.error.ConnectionDone',
                      'twisted.internet.error.ConnectError',
                      'twisted.internet.error.ConnectionLost',
                      'twisted.web.client.ResponseFailed',
                      'scrapy.core.downloader.handlers.http11.TunnelError',
                      'builtins.IOError',
                      'playwright.async_api.TimeoutError'],
 'RETRY_HTTP_CODES': [429, 500, 502, 503, 504],
 'RETRY_TIMES': 3,
 'ROBOTSTXT_OBEY': True,
 'SPIDER_MODULES': ['web_spider.spiders'],
 'TELNETCONSOLE_ENABLED': False,
 'USER_AGENT': 'WebSpiderLab/1.0 (educational data collection)'}
2026-09-26 14:01:17 [scrapy.core.downloader.handlers] ERROR: Loading "scrapy_playwright.handler.ScrapyPlaywrightDownloadHandler" for scheme "http"
Traceback (most recent call last):
  File "C:\Users\zerok\OneDrive\Рабочий стол\Учеба магистратура\Третий Семестр\DataMining\Web_Spider\.venv\Lib\site-packages\scrapy\core\downloader\handlers\__init__.py", line 74, in _load_handler
    dhcls: type[DownloadHandlerProtocol] = load_object(path)
                                           ^^^^^^^^^^^^^^^^^
  File "C:\Users\zerok\OneDrive\Рабочий стол\Учеба магистратура\Третий Семестр\DataMining\Web_Spider\.venv\Lib\site-packages\scrapy\utils\misc.py", line 71, in load_object
    mod = import_module(module)
          ^^^^^^^^^^^^^^^^^^^^^
  File "C:\Users\zerok\AppData\Local\Programs\Python\Python312\Lib\importlib\__init__.py", line 90, in import_module
    return _bootstrap._gcd_import(name[level:], package, level)
           ^^^^^^^^^^^^^^^^^^^^^^^^^^^^^^^^^^^^^^^^^^^^^^^^^^^^
  File "<frozen importlib._bootstrap>", line 1381, in _gcd_import
  File "<frozen importlib._bootstrap>", line 1354, in _find_and_load
  File "<frozen importlib._bootstrap>", line 1325, in _find_and_load_unlocked
  File "<frozen importlib._bootstrap>", line 929, in _load_unlocked
  File "<frozen importlib._bootstrap_external>", line 994, in exec_module
  File "<frozen importlib._bootstrap>", line 488, in _call_with_frames_removed
  File "C:\Users\zerok\OneDrive\Рабочий стол\Учеба магистратура\Третий Семестр\DataMining\Web_Spider\.venv\Lib\site-packages\scrapy_playwright\handler.py", line 27, in <module>
    from scrapy.core.downloader.handlers.http import HTTPDownloadHandler
  File "C:\Users\zerok\OneDrive\Рабочий стол\Учеба магистратура\Третий Семестр\DataMining\Web_Spider\.venv\Lib\site-packages\scrapy\core\downloader\handlers\http.py", line 2, in <module>
    from scrapy.core.downloader.handlers.http11 import (
  File "C:\Users\zerok\OneDrive\Рабочий стол\Учеба магистратура\Третий Семестр\DataMining\Web_Spider\.venv\Lib\site-packages\scrapy\core\downloader\handlers\http11.py", line 34, in <module>
    from scrapy.core.downloader.contextfactory import load_context_factory_from_settings
  File "C:\Users\zerok\OneDrive\Рабочий стол\Учеба магистратура\Третий Семестр\DataMining\Web_Spider\.venv\Lib\site-packages\scrapy\core\downloader\contextfactory.py", line 7, in <module>
    from twisted.internet._sslverify import _setAcceptableProtocols
ImportError: cannot import name '_setAcceptableProtocols' from 'twisted.internet._sslverify' (C:\Users\zerok\OneDrive\Рабочий стол\Учеба магистратура\Третий Семестр\DataMining\Web_Spider\.venv\Lib\site-packages\twisted\internet\_sslverify.py)
2026-09-26 14:01:17 [scrapy.core.downloader.handlers] ERROR: Loading "scrapy_playwright.handler.ScrapyPlaywrightDownloadHandler" for scheme "https"
Traceback (most recent call last):
  File "C:\Users\zerok\OneDrive\Рабочий стол\Учеба магистратура\Третий Семестр\DataMining\Web_Spider\.venv\Lib\site-packages\scrapy\core\downloader\handlers\__init__.py", line 74, in _load_handler
    dhcls: type[DownloadHandlerProtocol] = load_object(path)
                                           ^^^^^^^^^^^^^^^^^
  File "C:\Users\zerok\OneDrive\Рабочий стол\Учеба магистратура\Третий Семестр\DataMining\Web_Spider\.venv\Lib\site-packages\scrapy\utils\misc.py", line 71, in load_object
    mod = import_module(module)
          ^^^^^^^^^^^^^^^^^^^^^
  File "C:\Users\zerok\AppData\Local\Programs\Python\Python312\Lib\importlib\__init__.py", line 90, in import_module
    return _bootstrap._gcd_import(name[level:], package, level)
           ^^^^^^^^^^^^^^^^^^^^^^^^^^^^^^^^^^^^^^^^^^^^^^^^^^^^
  File "<frozen importlib._bootstrap>", line 1381, in _gcd_import
  File "<frozen importlib._bootstrap>", line 1354, in _find_and_load
  File "<frozen importlib._bootstrap>", line 1325, in _find_and_load_unlocked
  File "<frozen importlib._bootstrap>", line 929, in _load_unlocked
  File "<frozen importlib._bootstrap_external>", line 994, in exec_module
  File "<frozen importlib._bootstrap>", line 488, in _call_with_frames_removed
  File "C:\Users\zerok\OneDrive\Рабочий стол\Учеба магистратура\Третий Семестр\DataMining\Web_Spider\.venv\Lib\site-packages\scrapy_playwright\handler.py", line 27, in <module>
    from scrapy.core.downloader.handlers.http import HTTPDownloadHandler
  File "C:\Users\zerok\OneDrive\Рабочий стол\Учеба магистратура\Третий Семестр\DataMining\Web_Spider\.venv\Lib\site-packages\scrapy\core\downloader\handlers\http.py", line 2, in <module>
    from scrapy.core.downloader.handlers.http11 import (
  File "C:\Users\zerok\OneDrive\Рабочий стол\Учеба магистратура\Третий Семестр\DataMining\Web_Spider\.venv\Lib\site-packages\scrapy\core\downloader\handlers\http11.py", line 34, in <module>
    from scrapy.core.downloader.contextfactory import load_context_factory_from_settings
  File "C:\Users\zerok\OneDrive\Рабочий стол\Учеба магистратура\Третий Семестр\DataMining\Web_Spider\.venv\Lib\site-packages\scrapy\core\downloader\contextfactory.py", line 7, in <module>
    from twisted.internet._sslverify import _setAcceptableProtocols
ImportError: cannot import name '_setAcceptableProtocols' from 'twisted.internet._sslverify' (C:\Users\zerok\OneDrive\Рабочий стол\Учеба магистратура\Третий Семестр\DataMining\Web_Spider\.venv\Lib\site-packages\twisted\internet\_sslverify.py)
2026-09-26 14:01:17 [scrapy.core.downloader.handlers] ERROR: Loading "scrapy.core.downloader.handlers.s3.S3DownloadHandler" for scheme "s3"
Traceback (most recent call last):
  File "C:\Users\zerok\OneDrive\Рабочий стол\Учеба магистратура\Третий Семестр\DataMining\Web_Spider\.venv\Lib\site-packages\scrapy\core\downloader\handlers\__init__.py", line 74, in _load_handler
    dhcls: type[DownloadHandlerProtocol] = load_object(path)
                                           ^^^^^^^^^^^^^^^^^
  File "C:\Users\zerok\OneDrive\Рабочий стол\Учеба магистратура\Третий Семестр\DataMining\Web_Spider\.venv\Lib\site-packages\scrapy\utils\misc.py", line 71, in load_object
    mod = import_module(module)
          ^^^^^^^^^^^^^^^^^^^^^
  File "C:\Users\zerok\AppData\Local\Programs\Python\Python312\Lib\importlib\__init__.py", line 90, in import_module
    return _bootstrap._gcd_import(name[level:], package, level)
           ^^^^^^^^^^^^^^^^^^^^^^^^^^^^^^^^^^^^^^^^^^^^^^^^^^^^
  File "<frozen importlib._bootstrap>", line 1381, in _gcd_import
  File "<frozen importlib._bootstrap>", line 1354, in _find_and_load
  File "<frozen importlib._bootstrap>", line 1325, in _find_and_load_unlocked
  File "<frozen importlib._bootstrap>", line 929, in _load_unlocked
  File "<frozen importlib._bootstrap_external>", line 994, in exec_module
  File "<frozen importlib._bootstrap>", line 488, in _call_with_frames_removed
  File "C:\Users\zerok\OneDrive\Рабочий стол\Учеба магистратура\Третий Семестр\DataMining\Web_Spider\.venv\Lib\site-packages\scrapy\core\downloader\handlers\s3.py", line 5, in <module>
    from scrapy.core.downloader.handlers.http import HTTPDownloadHandler
  File "C:\Users\zerok\OneDrive\Рабочий стол\Учеба магистратура\Третий Семестр\DataMining\Web_Spider\.venv\Lib\site-packages\scrapy\core\downloader\handlers\http.py", line 2, in <module>
    from scrapy.core.downloader.handlers.http11 import (
  File "C:\Users\zerok\OneDrive\Рабочий стол\Учеба магистратура\Третий Семестр\DataMining\Web_Spider\.venv\Lib\site-packages\scrapy\core\downloader\handlers\http11.py", line 34, in <module>
    from scrapy.core.downloader.contextfactory import load_context_factory_from_settings
  File "C:\Users\zerok\OneDrive\Рабочий стол\Учеба магистратура\Третий Семестр\DataMining\Web_Spider\.venv\Lib\site-packages\scrapy\core\downloader\contextfactory.py", line 7, in <module>
    from twisted.internet._sslverify import _setAcceptableProtocols
ImportError: cannot import name '_setAcceptableProtocols' from 'twisted.internet._sslverify' (C:\Users\zerok\OneDrive\Рабочий стол\Учеба магистратура\Третий Семестр\DataMining\Web_Spider\.venv\Lib\site-packages\twisted\internet\_sslverify.py)
2026-09-26 14:02:24 [scrapy.utils.log] INFO: Scrapy 2.13.3 started (bot: web_spider_lab)
2026-09-26 14:02:24 [scrapy.utils.log] INFO: Versions:
{'lxml': '6.1.3',
 'libxml2': '2.11.9',
 'cssselect': '1.5.0',
 'parsel': '1.12.0',
 'w3lib': '2.4.1',
 'Twisted': '25.5.0',
 'Python': '3.12.0 (tags/v3.12.0:0fb18b0, Oct  2 2023, 13:03:39) [MSC v.1935 '
           '64 bit (AMD64)]',
 'pyOpenSSL': '25.1.0 (OpenSSL 3.5.2 5 Aug 2025)',
 'cryptography': '45.0.7',
 'Platform': 'Windows-11-10.0.26200-SP0'}
2026-09-26 14:02:24 [scrapy.addons] INFO: Enabled addons:
[]
2026-09-26 14:02:24 [scrapy.middleware] INFO: Enabled extensions:
['scrapy.extensions.corestats.CoreStats',
 'scrapy.extensions.feedexport.FeedExporter',
 'scrapy.extensions.logstats.LogStats']
2026-09-26 14:02:24 [scrapy.crawler] INFO: Overridden settings:
{'BOT_NAME': 'web_spider_lab',
 'CONCURRENT_REQUESTS': 4,
 'CONCURRENT_REQUESTS_PER_DOMAIN': 1,
 'DOWNLOAD_DELAY': 30,
 'DOWNLOAD_TIMEOUT': 60,
 'FEED_EXPORT_ENCODING': 'utf-8',
 'LOG_FILE': 'C:\\Users\\zerok\\OneDrive\\Рабочий стол\\Учеба '
             'магистратура\\Третий '
             'Семестр\\DataMining\\Web_Spider\\outputs\\news.log',
 'LOG_LEVEL': 'INFO',
 'NEWSPIDER_MODULE': 'web_spider.spiders',
 'RANDOMIZE_DOWNLOAD_DELAY': False,
 'RETRY_EXCEPTIONS': ['twisted.internet.defer.TimeoutError',
                      'twisted.internet.error.TimeoutError',
                      'twisted.internet.error.DNSLookupError',
                      'twisted.internet.error.ConnectionRefusedError',
                      'twisted.internet.error.ConnectionDone',
                      'twisted.internet.error.ConnectError',
                      'twisted.internet.error.ConnectionLost',
                      'twisted.web.client.ResponseFailed',
                      'scrapy.core.downloader.handlers.http11.TunnelError',
                      'builtins.IOError',
                      'playwright.async_api.TimeoutError'],
 'RETRY_HTTP_CODES': [429, 500, 502, 503, 504],
 'RETRY_TIMES': 3,
 'ROBOTSTXT_OBEY': True,
 'SPIDER_MODULES': ['web_spider.spiders'],
 'TELNETCONSOLE_ENABLED': False,
 'USER_AGENT': 'WebSpiderLab/1.0 (educational data collection)'}
2026-09-26 14:02:24 [scrapy-playwright] INFO: Started loop on separate thread: <ProactorEventLoop running=True closed=False debug=False>
2026-09-26 14:02:24 [scrapy.middleware] INFO: Enabled downloader middlewares:
['scrapy.downloadermiddlewares.offsite.OffsiteMiddleware',
 'scrapy.downloadermiddlewares.robotstxt.RobotsTxtMiddleware',
 'scrapy.downloadermiddlewares.httpauth.HttpAuthMiddleware',
 'scrapy.downloadermiddlewares.downloadtimeout.DownloadTimeoutMiddleware',
 'scrapy.downloadermiddlewares.defaultheaders.DefaultHeadersMiddleware',
 'scrapy.downloadermiddlewares.useragent.UserAgentMiddleware',
 'scrapy.downloadermiddlewares.retry.RetryMiddleware',
 'scrapy.downloadermiddlewares.redirect.MetaRefreshMiddleware',
 'scrapy.downloadermiddlewares.httpcompression.HttpCompressionMiddleware',
 'scrapy.downloadermiddlewares.redirect.RedirectMiddleware',
 'scrapy.downloadermiddlewares.cookies.CookiesMiddleware',
 'scrapy.downloadermiddlewares.httpproxy.HttpProxyMiddleware',
 'scrapy.downloadermiddlewares.stats.DownloaderStats']
2026-09-26 14:02:24 [scrapy.middleware] INFO: Enabled spider middlewares:
['scrapy.spidermiddlewares.start.StartSpiderMiddleware',
 'scrapy.spidermiddlewares.httperror.HttpErrorMiddleware',
 'scrapy.spidermiddlewares.referer.RefererMiddleware',
 'scrapy.spidermiddlewares.urllength.UrlLengthMiddleware',
 'scrapy.spidermiddlewares.depth.DepthMiddleware']
2026-09-26 14:02:24 [scrapy.middleware] INFO: Enabled item pipelines:
['web_spider.pipelines.CleaningPipeline',
 'web_spider.pipelines.ValidationPipeline',
 'web_spider.pipelines.DuplicationPipeline']
2026-09-26 14:02:24 [scrapy.core.engine] INFO: Spider opened
2026-09-26 14:02:24 [scrapy.extensions.logstats] INFO: Crawled 0 pages (at 0 pages/min), scraped 0 items (at 0 items/min)
2026-09-26 14:02:24 [scrapy-playwright] INFO: Starting download handler
2026-09-26 14:02:24 [scrapy-playwright] INFO: Starting download handler
2026-09-26 14:03:24 [scrapy.extensions.logstats] INFO: Crawled 2 pages (at 2 pages/min), scraped 30 items (at 30 items/min)
2026-09-26 14:04:24 [scrapy.extensions.logstats] INFO: Crawled 4 pages (at 2 pages/min), scraped 90 items (at 60 items/min)
2026-09-26 14:04:55 [scrapy.core.scraper] WARNING: Dropped: Duplicate URL: https://terrytao.wordpress.com/2026/09/24/were-gonna-need-a-lot-more-mathematicians/
{'collected_at': '2026-09-26T09:02:24.273353+00:00',
 'date': '2026-09-25T16:36:12+00:00',
 'source': 'hacker_news',
 'summary': '',
 'title': "we're gonna need more mathematicians",
 'url': 'https://terrytao.wordpress.com/2026/09/24/were-gonna-need-a-lot-more-mathematicians/'}
2026-09-26 14:04:55 [scrapy.core.engine] INFO: Closing spider (finished)
2026-09-26 14:04:55 [scrapy.extensions.feedexport] INFO: Stored json feed (149 items) in: C:\Users\zerok\OneDrive\Рабочий стол\Учеба магистратура\Третий Семестр\DataMining\Web_Spider\outputs\news.json
2026-09-26 14:04:55 [scrapy.extensions.feedexport] INFO: Stored csv feed (149 items) in: C:\Users\zerok\OneDrive\Рабочий стол\Учеба магистратура\Третий Семестр\DataMining\Web_Spider\outputs\news.csv
2026-09-26 14:04:55 [scrapy.statscollectors] INFO: Dumping Scrapy stats:
{'downloader/request_bytes': 1598,
 'downloader/request_count': 6,
 'downloader/request_method_count/GET': 6,
 'downloader/response_bytes': 32239,
 'downloader/response_count': 6,
 'downloader/response_status_count/200': 6,
 'elapsed_time_seconds': 151.114571,
 'feedexport/success_count/FileFeedStorage': 2,
 'finish_reason': 'finished',
 'finish_time': datetime.datetime(2026, 9, 26, 9, 4, 55, 897290, tzinfo=datetime.timezone.utc),
 'httpcompression/response_bytes': 174076,
 'httpcompression/response_count': 5,
 'item_dropped_count': 1,
 'item_dropped_reasons_count/DropItem': 1,
 'item_scraped_count': 149,
 'items_per_minute': 59.205298013245034,
 'log_count/INFO': 15,
 'log_count/WARNING': 1,
 'quality/duplicates_removed': 1,
 'request_depth_max': 4,
 'response_received_count': 6,
 'responses_per_minute': 2.384105960264901,
 'robotstxt/request_count': 1,
 'robotstxt/response_count': 1,
 'robotstxt/response_status_count/200': 1,
 'scheduler/dequeued': 5,
 'scheduler/dequeued/memory': 5,
 'scheduler/enqueued': 5,
 'scheduler/enqueued/memory': 5,
 'source/pages_parsed': 5,
 'start_time': datetime.datetime(2026, 9, 26, 9, 2, 24, 782719, tzinfo=datetime.timezone.utc)}
2026-09-26 14:04:55 [scrapy.core.engine] INFO: Spider closed (finished)
2026-09-26 14:04:55 [scrapy-playwright] INFO: Closing download handler
2026-09-26 14:04:55 [scrapy-playwright] INFO: Closing download handler
